[0.005s][info][gc] Using G1
[0.006s][info][gc,init] Version: 17.0.9+7-b1087.7 (release)
[0.006s][info][gc,init] CPUs: 6 total, 6 available
[0.007s][info][gc,init] Memory: 7851M
[0.007s][info][gc,init] Large Page Support: Disabled
[0.007s][info][gc,init] NUMA Support: Disabled
[0.008s][info][gc,init] Compressed Oops: Enabled (Zero based)
[0.008s][info][gc,init] Heap Region Size: 4M
[0.008s][info][gc,init] Heap Min Capacity: 8M
[0.009s][info][gc,init] Heap Initial Capacity: 124M
[0.009s][info][gc,init] Heap Max Capacity: 5496M
[0.009s][info][gc,init] Pre-touch: Disabled
[0.009s][info][gc,init] Parallel Workers: 6
[0.010s][info][gc,init] Concurrent Workers: 2
[0.010s][info][gc,init] Concurrent Refinement Workers: 6
[0.010s][info][gc,init] Periodic GC: Disabled
[0.011s][info][gc,metaspace] CDS archive(s) not mapped
[0.011s][info][gc,metaspace] Compressed class space mapped at: 0x0000000800000000-0x0000000840000000, reserved size: 1073741824
[0.011s][info][gc,metaspace] Narrow klass base: 0x0000000800000000, Narrow klass shift: 0, Narrow klass range: 0x40000000
[0.136s][info][gc,start    ] GC(0) Pause Young (Normal) (G1 Evacuation Pause)
[0.136s][info][gc,task     ] GC(0) Using 2 workers of 6 for evacuation
[0.140s][info][gc,phases   ] GC(0)   Pre Evacuate Collection Set: 0.1ms
[0.140s][info][gc,phases   ] GC(0)   Merge Heap Roots: 0.1ms
[0.140s][info][gc,phases   ] GC(0)   Evacuate Collection Set: 2.8ms
[0.141s][info][gc,phases   ] GC(0)   Post Evacuate Collection Set: 0.3ms
[0.141s][info][gc,phases   ] GC(0)   Other: 0.9ms
[0.141s][info][gc,heap     ] GC(0) Eden regions: 4->0(2)
[0.141s][info][gc,heap     ] GC(0) Survivor regions: 0->1(1)
[0.142s][info][gc,heap     ] GC(0) Old regions: 0->2
[0.142s][info][gc,heap     ] GC(0) Archive regions: 0->0
[0.142s][info][gc,heap     ] GC(0) Humongous regions: 0->0
[0.142s][info][gc,metaspace] GC(0) Metaspace: 9089K(9216K)->9089K(9216K) NonClass: 8327K(8384K)->8327K(8384K) Class: 762K(832K)->762K(832K)
[0.142s][info][gc          ] GC(0) Pause Young (Normal) (G1 Evacuation Pause) 15M->9M(124M) 6.969ms
[0.143s][info][gc,cpu      ] GC(0) User=0.00s Sys=0.00s Real=0.01s
[0.198s][info][gc,start    ] GC(1) Pause Young (Normal) (G1 Evacuation Pause)
[0.199s][info][gc,task     ] GC(1) Using 2 workers of 6 for evacuation
[0.202s][info][gc,phases   ] GC(1)   Pre Evacuate Collection Set: 0.0ms
[0.202s][info][gc,phases   ] GC(1)   Merge Heap Roots: 0.1ms
[0.203s][info][gc,phases   ] GC(1)   Evacuate Collection Set: 2.6ms
[0.203s][info][gc,phases   ] GC(1)   Post Evacuate Collection Set: 0.4ms
[0.203s][info][gc,phases   ] GC(1)   Other: 0.9ms
[0.203s][info][gc,heap     ] GC(1) Eden regions: 2->0(6)
[0.204s][info][gc,heap     ] GC(1) Survivor regions: 1->1(1)
[0.204s][info][gc,heap     ] GC(1) Old regions: 2->3
[0.204s][info][gc,heap     ] GC(1) Archive regions: 0->0
[0.204s][info][gc,heap     ] GC(1) Humongous regions: 0->0
[0.205s][info][gc,metaspace] GC(1) Metaspace: 15052K(15232K)->15052K(15232K) NonClass: 13727K(13824K)->13727K(13824K) Class: 1324K(1408K)->1324K(1408K)
[0.205s][info][gc          ] GC(1) Pause Young (Normal) (G1 Evacuation Pause) 17M->11M(124M) 6.811ms
[0.205s][info][gc,cpu      ] GC(1) User=0.00s Sys=0.00s Real=0.01s
[0.309s][info][gc,start    ] GC(2) Pause Young (Normal) (G1 Evacuation Pause)
[0.309s][info][gc,task     ] GC(2) Using 6 workers of 6 for evacuation
[0.313s][info][gc,phases   ] GC(2)   Pre Evacuate Collection Set: 0.1ms
[0.314s][info][gc,phases   ] GC(2)   Merge Heap Roots: 0.0ms
[0.314s][info][gc,phases   ] GC(2)   Evacuate Collection Set: 3.2ms
[0.314s][info][gc,phases   ] GC(2)   Post Evacuate Collection Set: 0.3ms
[0.314s][info][gc,phases   ] GC(2)   Other: 0.7ms
[0.315s][info][gc,heap     ] GC(2) Eden regions: 6->0(7)
[0.315s][info][gc,heap     ] GC(2) Survivor regions: 1->1(1)
[0.315s][info][gc,heap     ] GC(2) Old regions: 3->5
[0.315s][info][gc,heap     ] GC(2) Archive regions: 0->0
[0.316s][info][gc,heap     ] GC(2) Humongous regions: 0->0
[0.316s][info][gc,metaspace] GC(2) Metaspace: 20698K(20928K)->20698K(20928K) NonClass: 18766K(18880K)->18766K(18880K) Class: 1932K(2048K)->1932K(2048K)
[0.316s][info][gc          ] GC(2) Pause Young (Normal) (G1 Evacuation Pause) 35M->21M(124M) 7.280ms
[0.317s][info][gc,cpu      ] GC(2) User=0.01s Sys=0.00s Real=0.00s
[0.323s][info][gc,start    ] GC(3) Pause Young (Concurrent Start) (Metadata GC Threshold)
[0.324s][info][gc,task     ] GC(3) Using 6 workers of 6 for evacuation
[0.326s][info][gc,phases   ] GC(3)   Pre Evacuate Collection Set: 0.1ms
[0.326s][info][gc,phases   ] GC(3)   Merge Heap Roots: 0.1ms
[0.327s][info][gc,phases   ] GC(3)   Evacuate Collection Set: 1.7ms
[0.327s][info][gc,phases   ] GC(3)   Post Evacuate Collection Set: 0.2ms
[0.327s][info][gc,phases   ] GC(3)   Other: 0.7ms
[0.327s][info][gc,heap     ] GC(3) Eden regions: 1->0(8)
[0.328s][info][gc,heap     ] GC(3) Survivor regions: 1->1(1)
[0.328s][info][gc,heap     ] GC(3) Old regions: 5->6
[0.328s][info][gc,heap     ] GC(3) Archive regions: 0->0
[0.328s][info][gc,heap     ] GC(3) Humongous regions: 0->0
[0.329s][info][gc,metaspace] GC(3) Metaspace: 21285K(21504K)->21285K(21504K) NonClass: 19291K(19392K)->19291K(19392K) Class: 1994K(2112K)->1994K(2112K)
[0.329s][info][gc          ] GC(3) Pause Young (Concurrent Start) (Metadata GC Threshold) 24M->23M(124M) 5.235ms
[0.329s][info][gc,cpu      ] GC(3) User=0.01s Sys=0.00s Real=0.01s
[0.329s][info][gc          ] GC(4) Concurrent Mark Cycle
[0.330s][info][gc,marking  ] GC(4) Concurrent Clear Claimed Marks
[0.330s][info][gc,marking  ] GC(4) Concurrent Clear Claimed Marks 0.174ms
[0.330s][info][gc,marking  ] GC(4) Concurrent Scan Root Regions
[0.332s][info][gc,marking  ] GC(4) Concurrent Scan Root Regions 2.123ms
[0.332s][info][gc,marking  ] GC(4) Concurrent Mark
[0.333s][info][gc,marking  ] GC(4) Concurrent Mark From Roots
[0.333s][info][gc,task     ] GC(4) Using 2 workers of 2 for marking
[0.345s][info][gc,marking  ] GC(4) Concurrent Mark From Roots 12.133ms
[0.345s][info][gc,marking  ] GC(4) Concurrent Preclean
[0.346s][info][gc,marking  ] GC(4) Concurrent Preclean 0.395ms
[0.349s][info][gc,start    ] GC(4) Pause Remark
[0.350s][info][gc          ] GC(4) Pause Remark 28M->28M(120M) 1.033ms
[0.351s][info][gc,cpu      ] GC(4) User=0.00s Sys=0.00s Real=0.00s
[0.351s][info][gc,marking  ] GC(4) Concurrent Mark 18.447ms
[0.351s][info][gc,marking  ] GC(4) Concurrent Rebuild Remembered Sets
[0.359s][info][gc,marking  ] GC(4) Concurrent Rebuild Remembered Sets 7.511ms
[0.359s][info][gc,start    ] GC(4) Pause Cleanup
[0.360s][info][gc          ] GC(4) Pause Cleanup 29M->29M(120M) 0.301ms
[0.360s][info][gc,cpu      ] GC(4) User=0.01s Sys=0.00s Real=0.00s
[0.360s][info][gc,marking  ] GC(4) Concurrent Cleanup for Next Mark
[0.362s][info][gc,marking  ] GC(4) Concurrent Cleanup for Next Mark 1.862ms
[0.362s][info][gc          ] GC(4) Concurrent Mark Cycle 33.003ms
[0.523s][info][gc,start    ] GC(5) Pause Young (Concurrent Start) (Metadata GC Threshold)
[0.525s][info][gc,task     ] GC(5) Using 6 workers of 6 for evacuation
[0.533s][info][gc,phases   ] GC(5)   Pre Evacuate Collection Set: 0.1ms
[0.533s][info][gc,phases   ] GC(5)   Merge Heap Roots: 0.1ms
[0.534s][info][gc,phases   ] GC(5)   Evacuate Collection Set: 4.2ms
[0.535s][info][gc,phases   ] GC(5)   Post Evacuate Collection Set: 1.2ms
[0.539s][info][gc,phases   ] GC(5)   Other: 3.9ms
[0.587s][info][gc,heap     ] GC(5) Eden regions: 7->0(8)
[0.606s][info][gc,heap     ] GC(5) Survivor regions: 1->2(2)
[0.606s][info][gc,heap     ] GC(5) Old regions: 6->6
[0.607s][info][gc,heap     ] GC(5) Archive regions: 0->0
[0.608s][info][gc,heap     ] GC(5) Humongous regions: 0->0
[0.608s][info][gc,metaspace] GC(5) Metaspace: 38204K(38528K)->38204K(38528K) NonClass: 34267K(34432K)->34267K(34432K) Class: 3937K(4096K)->3937K(4096K)
[0.609s][info][gc          ] GC(5) Pause Young (Concurrent Start) (Metadata GC Threshold) 51M->30M(120M) 86.069ms
[0.610s][info][gc,cpu      ] GC(5) User=0.03s Sys=0.00s Real=0.09s
[0.611s][info][gc          ] GC(6) Concurrent Mark Cycle
[0.616s][info][gc,marking  ] GC(6) Concurrent Clear Claimed Marks
[0.624s][info][gc,marking  ] GC(6) Concurrent Clear Claimed Marks 8.418ms
[0.630s][info][gc,marking  ] GC(6) Concurrent Scan Root Regions
[0.635s][info][gc,marking  ] GC(6) Concurrent Scan Root Regions 4.393ms
[0.636s][info][gc,marking  ] GC(6) Concurrent Mark
[0.639s][info][gc,marking  ] GC(6) Concurrent Mark From Roots
[0.640s][info][gc,task     ] GC(6) Using 2 workers of 2 for marking
[0.647s][info][gc,marking  ] GC(6) Concurrent Mark From Roots 7.882ms
[0.648s][info][gc,marking  ] GC(6) Concurrent Preclean
[0.648s][info][gc,marking  ] GC(6) Concurrent Preclean 0.431ms
[0.648s][info][gc,start    ] GC(6) Pause Remark
[0.650s][info][gc          ] GC(6) Pause Remark 31M->31M(120M) 1.391ms
[0.650s][info][gc,cpu      ] GC(6) User=0.01s Sys=0.00s Real=0.00s
[0.651s][info][gc,marking  ] GC(6) Concurrent Mark 14.976ms
[0.651s][info][gc,marking  ] GC(6) Concurrent Rebuild Remembered Sets
[0.656s][info][gc,marking  ] GC(6) Concurrent Rebuild Remembered Sets 5.003ms
[0.657s][info][gc,start    ] GC(6) Pause Cleanup
[0.658s][info][gc          ] GC(6) Pause Cleanup 31M->31M(120M) 0.783ms
[0.658s][info][gc,cpu      ] GC(6) User=0.00s Sys=0.00s Real=0.01s
[0.659s][info][gc,marking  ] GC(6) Concurrent Cleanup for Next Mark
[0.662s][info][gc,marking  ] GC(6) Concurrent Cleanup for Next Mark 2.871ms
[0.663s][info][gc          ] GC(6) Concurrent Mark Cycle 51.569ms
[1.009s][info][gc,start    ] GC(7) Pause Young (Concurrent Start) (G1 Evacuation Pause)
[1.010s][info][gc,task     ] GC(7) Using 6 workers of 6 for evacuation
[1.016s][info][gc,phases   ] GC(7)   Pre Evacuate Collection Set: 0.1ms
[1.017s][info][gc,phases   ] GC(7)   Merge Heap Roots: 0.1ms
[1.017s][info][gc,phases   ] GC(7)   Evacuate Collection Set: 5.5ms
[1.017s][info][gc,phases   ] GC(7)   Post Evacuate Collection Set: 0.5ms
[1.018s][info][gc,phases   ] GC(7)   Other: 0.9ms
[1.018s][info][gc,heap     ] GC(7) Eden regions: 8->0(8)
[1.018s][info][gc,heap     ] GC(7) Survivor regions: 2->2(2)
[1.018s][info][gc,heap     ] GC(7) Old regions: 6->8
[1.019s][info][gc,heap     ] GC(7) Archive regions: 0->0
[1.019s][info][gc,heap     ] GC(7) Humongous regions: 0->0
[1.019s][info][gc,metaspace] GC(7) Metaspace: 65725K(66176K)->65725K(66176K) NonClass: 58194K(58432K)->58194K(58432K) Class: 7530K(7744K)->7530K(7744K)
[1.020s][info][gc          ] GC(7) Pause Young (Concurrent Start) (G1 Evacuation Pause) 62M->37M(120M) 10.125ms
[1.020s][info][gc,cpu      ] GC(7) User=0.02s Sys=0.01s Real=0.01s
[1.020s][info][gc          ] GC(8) Concurrent Mark Cycle
[1.020s][info][gc,marking  ] GC(8) Concurrent Clear Claimed Marks
[1.021s][info][gc,marking  ] GC(8) Concurrent Clear Claimed Marks 0.189ms
[1.021s][info][gc,marking  ] GC(8) Concurrent Scan Root Regions
[1.027s][info][gc,marking  ] GC(8) Concurrent Scan Root Regions 6.196ms
[1.027s][info][gc,marking  ] GC(8) Concurrent Mark
[1.028s][info][gc,marking  ] GC(8) Concurrent Mark From Roots
[1.028s][info][gc,task     ] GC(8) Using 2 workers of 2 for marking
[1.036s][info][gc,marking  ] GC(8) Concurrent Mark From Roots 8.842ms
[1.037s][info][gc,marking  ] GC(8) Concurrent Preclean
[1.037s][info][gc,marking  ] GC(8) Concurrent Preclean 0.367ms
[1.041s][info][gc,start    ] GC(8) Pause Remark
[1.042s][info][gc          ] GC(8) Pause Remark 40M->40M(120M) 1.519ms
[1.042s][info][gc,cpu      ] GC(8) User=0.01s Sys=0.00s Real=0.00s
[1.044s][info][gc,marking  ] GC(8) Concurrent Mark 16.724ms
[1.044s][info][gc,marking  ] GC(8) Concurrent Rebuild Remembered Sets
[1.054s][info][gc,marking  ] GC(8) Concurrent Rebuild Remembered Sets 9.742ms
[1.055s][info][gc,start    ] GC(8) Pause Cleanup
[1.055s][info][gc          ] GC(8) Pause Cleanup 42M->42M(120M) 0.321ms
[1.055s][info][gc,cpu      ] GC(8) User=0.00s Sys=0.00s Real=0.00s
[1.056s][info][gc,marking  ] GC(8) Concurrent Cleanup for Next Mark
[1.056s][info][gc,marking  ] GC(8) Concurrent Cleanup for Next Mark 0.360ms
[1.056s][info][gc          ] GC(8) Concurrent Mark Cycle 36.192ms
[1.219s][info][gc,start    ] GC(9) Pause Young (Concurrent Start) (G1 Evacuation Pause)
[1.220s][info][gc,task     ] GC(9) Using 6 workers of 6 for evacuation
[1.227s][info][gc,phases   ] GC(9)   Pre Evacuate Collection Set: 0.1ms
[1.227s][info][gc,phases   ] GC(9)   Merge Heap Roots: 0.1ms
[1.228s][info][gc,phases   ] GC(9)   Evacuate Collection Set: 6.0ms
[1.228s][info][gc,phases   ] GC(9)   Post Evacuate Collection Set: 0.6ms
[1.228s][info][gc,phases   ] GC(9)   Other: 0.7ms
[1.229s][info][gc,heap     ] GC(9) Eden regions: 8->0(7)
[1.229s][info][gc,heap     ] GC(9) Survivor regions: 2->2(2)
[1.229s][info][gc,heap     ] GC(9) Old regions: 8->11
[1.229s][info][gc,heap     ] GC(9) Archive regions: 0->0
[1.230s][info][gc,heap     ] GC(9) Humongous regions: 0->0
[1.230s][info][gc,metaspace] GC(9) Metaspace: 80129K(80704K)->80129K(80704K) NonClass: 70803K(71104K)->70803K(71104K) Class: 9326K(9600K)->9326K(9600K)
[1.230s][info][gc          ] GC(9) Pause Young (Concurrent Start) (G1 Evacuation Pause) 69M->47M(120M) 10.632ms
[1.230s][info][gc,cpu      ] GC(9) User=0.02s Sys=0.00s Real=0.01s
[1.231s][info][gc          ] GC(10) Concurrent Mark Cycle
[1.231s][info][gc,marking  ] GC(10) Concurrent Clear Claimed Marks
[1.231s][info][gc,marking  ] GC(10) Concurrent Clear Claimed Marks 0.261ms
[1.231s][info][gc,marking  ] GC(10) Concurrent Scan Root Regions
[1.235s][info][gc,marking  ] GC(10) Concurrent Scan Root Regions 3.716ms
[1.235s][info][gc,marking  ] GC(10) Concurrent Mark
[1.236s][info][gc,marking  ] GC(10) Concurrent Mark From Roots
[1.236s][info][gc,task     ] GC(10) Using 2 workers of 2 for marking
[1.246s][info][gc,marking  ] GC(10) Concurrent Mark From Roots 9.898ms
[1.246s][info][gc,marking  ] GC(10) Concurrent Preclean
[1.246s][info][gc,marking  ] GC(10) Concurrent Preclean 0.480ms
[1.248s][info][gc,start    ] GC(10) Pause Remark
[1.249s][info][gc          ] GC(10) Pause Remark 49M->49M(120M) 1.784ms
[1.250s][info][gc,cpu      ] GC(10) User=0.01s Sys=0.00s Real=0.01s
[1.250s][info][gc,marking  ] GC(10) Concurrent Mark 14.650ms
[1.250s][info][gc,marking  ] GC(10) Concurrent Rebuild Remembered Sets
[1.263s][info][gc,marking  ] GC(10) Concurrent Rebuild Remembered Sets 13.179ms
[1.265s][info][gc,start    ] GC(10) Pause Cleanup
[1.265s][info][gc          ] GC(10) Pause Cleanup 51M->51M(120M) 0.348ms
[1.265s][info][gc,cpu      ] GC(10) User=0.00s Sys=0.00s Real=0.00s
[1.266s][info][gc,marking  ] GC(10) Concurrent Cleanup for Next Mark
[1.267s][info][gc,marking  ] GC(10) Concurrent Cleanup for Next Mark 1.011ms
[1.267s][info][gc          ] GC(10) Concurrent Mark Cycle 36.421ms
[1.343s][info][gc,start    ] GC(11) Pause Young (Normal) (G1 Evacuation Pause)
[1.344s][info][gc,task     ] GC(11) Using 6 workers of 6 for evacuation
[1.349s][info][gc,phases   ] GC(11)   Pre Evacuate Collection Set: 0.1ms
[1.350s][info][gc,phases   ] GC(11)   Merge Heap Roots: 0.1ms
[1.350s][info][gc,phases   ] GC(11)   Evacuate Collection Set: 4.9ms
[1.350s][info][gc,phases   ] GC(11)   Post Evacuate Collection Set: 0.5ms
[1.351s][info][gc,phases   ] GC(11)   Other: 0.7ms
[1.351s][info][gc,heap     ] GC(11) Eden regions: 7->0(7)
[1.351s][info][gc,heap     ] GC(11) Survivor regions: 2->2(2)
[1.351s][info][gc,heap     ] GC(11) Old regions: 11->12
[1.352s][info][gc,heap     ] GC(11) Archive regions: 0->0
[1.352s][info][gc,heap     ] GC(11) Humongous regions: 0->0
[1.352s][info][gc,metaspace] GC(11) Metaspace: 89416K(90176K)->89416K(90176K) NonClass: 78895K(79296K)->78895K(79296K) Class: 10520K(10880K)->10520K(10880K)
[1.352s][info][gc          ] GC(11) Pause Young (Normal) (G1 Evacuation Pause) 75M->53M(120M) 9.060ms
[1.353s][info][gc,cpu      ] GC(11) User=0.02s Sys=0.00s Real=0.01s
[1.537s][info][gc,start    ] GC(12) Pause Young (Normal) (G1 Evacuation Pause)
[1.538s][info][gc,task     ] GC(12) Using 6 workers of 6 for evacuation
[1.543s][info][gc,phases   ] GC(12)   Pre Evacuate Collection Set: 0.1ms
[1.543s][info][gc,phases   ] GC(12)   Merge Heap Roots: 0.1ms
[1.543s][info][gc,phases   ] GC(12)   Evacuate Collection Set: 4.1ms
[1.544s][info][gc,phases   ] GC(12)   Post Evacuate Collection Set: 0.7ms
[1.544s][info][gc,phases   ] GC(12)   Other: 0.6ms
[1.544s][info][gc,heap     ] GC(12) Eden regions: 7->0(14)
[1.544s][info][gc,heap     ] GC(12) Survivor regions: 2->1(2)
[1.545s][info][gc,heap     ] GC(12) Old regions: 12->14
[1.545s][info][gc,heap     ] GC(12) Archive regions: 0->0
[1.546s][info][gc,heap     ] GC(12) Humongous regions: 0->0
[1.546s][info][gc,metaspace] GC(12) Metaspace: 102044K(102976K)->102044K(102976K) NonClass: 89843K(90432K)->89843K(90432K) Class: 12200K(12544K)->12200K(12544K)
[1.546s][info][gc          ] GC(12) Pause Young (Normal) (G1 Evacuation Pause) 81M->57M(172M) 8.877ms
[1.547s][info][gc,cpu      ] GC(12) User=0.02s Sys=0.00s Real=0.01s
[4.062s][info][gc,start    ] GC(13) Pause Young (Normal) (G1 Evacuation Pause)
[4.063s][info][gc,task     ] GC(13) Using 6 workers of 6 for evacuation
[4.069s][info][gc,phases   ] GC(13)   Pre Evacuate Collection Set: 0.1ms
[4.070s][info][gc,phases   ] GC(13)   Merge Heap Roots: 0.1ms
[4.070s][info][gc,phases   ] GC(13)   Evacuate Collection Set: 5.2ms
[4.070s][info][gc,phases   ] GC(13)   Post Evacuate Collection Set: 0.7ms
[4.071s][info][gc,phases   ] GC(13)   Other: 0.9ms
[4.071s][info][gc,heap     ] GC(13) Eden regions: 14->0(13)
[4.071s][info][gc,heap     ] GC(13) Survivor regions: 1->2(2)
[4.071s][info][gc,heap     ] GC(13) Old regions: 14->15
[4.072s][info][gc,heap     ] GC(13) Archive regions: 0->0
[4.072s][info][gc,heap     ] GC(13) Humongous regions: 0->0
[4.072s][info][gc,metaspace] GC(13) Metaspace: 123750K(124928K)->123750K(124928K) NonClass: 108882K(109568K)->108882K(109568K) Class: 14867K(15360K)->14867K(15360K)
[4.072s][info][gc          ] GC(13) Pause Young (Normal) (G1 Evacuation Pause) 113M->65M(172M) 9.705ms
[4.072s][info][gc,cpu      ] GC(13) User=0.02s Sys=0.00s Real=0.01s
[4.366s][info][gc,start    ] GC(14) Pause Young (Concurrent Start) (Metadata GC Threshold)
[4.367s][info][gc,task     ] GC(14) Using 6 workers of 6 for evacuation
[4.375s][info][gc,phases   ] GC(14)   Pre Evacuate Collection Set: 0.2ms
[4.376s][info][gc,phases   ] GC(14)   Merge Heap Roots: 0.1ms
[4.376s][info][gc,phases   ] GC(14)   Evacuate Collection Set: 5.2ms
[4.376s][info][gc,phases   ] GC(14)   Post Evacuate Collection Set: 2.8ms
[4.377s][info][gc,phases   ] GC(14)   Other: 0.8ms
[4.377s][info][gc,heap     ] GC(14) Eden regions: 7->0(11)
[4.377s][info][gc,heap     ] GC(14) Survivor regions: 2->2(2)
[4.377s][info][gc,heap     ] GC(14) Old regions: 15->17
[4.378s][info][gc,heap     ] GC(14) Archive regions: 0->0
[4.378s][info][gc,heap     ] GC(14) Humongous regions: 0->0
[4.378s][info][gc,metaspace] GC(14) Metaspace: 135386K(136640K)->135386K(136640K) NonClass: 118965K(119680K)->118965K(119680K) Class: 16420K(16960K)->16420K(16960K)
[4.379s][info][gc          ] GC(14) Pause Young (Concurrent Start) (Metadata GC Threshold) 92M->74M(172M) 12.563ms
[4.379s][info][gc,cpu      ] GC(14) User=0.02s Sys=0.00s Real=0.02s
[4.379s][info][gc          ] GC(15) Concurrent Mark Cycle
[4.380s][info][gc,marking  ] GC(15) Concurrent Clear Claimed Marks
[4.380s][info][gc,marking  ] GC(15) Concurrent Clear Claimed Marks 0.428ms
[4.380s][info][gc,marking  ] GC(15) Concurrent Scan Root Regions
[4.389s][info][gc,marking  ] GC(15) Concurrent Scan Root Regions 8.831ms
[4.389s][info][gc,marking  ] GC(15) Concurrent Mark
[4.390s][info][gc,marking  ] GC(15) Concurrent Mark From Roots
[4.390s][info][gc,task     ] GC(15) Using 2 workers of 2 for marking
[4.409s][info][gc,marking  ] GC(15) Concurrent Mark From Roots 19.286ms
[4.413s][info][gc,marking  ] GC(15) Concurrent Preclean
[4.413s][info][gc,marking  ] GC(15) Concurrent Preclean 0.474ms
[4.414s][info][gc,start    ] GC(15) Pause Remark
[4.422s][info][gc          ] GC(15) Pause Remark 76M->76M(172M) 8.593ms
[4.423s][info][gc,cpu      ] GC(15) User=0.02s Sys=0.00s Real=0.01s
[4.423s][info][gc,marking  ] GC(15) Concurrent Mark 33.665ms
[4.423s][info][gc,marking  ] GC(15) Concurrent Rebuild Remembered Sets
[4.447s][info][gc,marking  ] GC(15) Concurrent Rebuild Remembered Sets 23.563ms
[4.471s][info][gc,start    ] GC(15) Pause Cleanup
[4.472s][info][gc          ] GC(15) Pause Cleanup 78M->78M(172M) 0.537ms
[4.472s][info][gc,cpu      ] GC(15) User=0.00s Sys=0.00s Real=0.00s
[4.472s][info][gc,marking  ] GC(15) Concurrent Cleanup for Next Mark
[4.473s][info][gc,marking  ] GC(15) Concurrent Cleanup for Next Mark 1.107ms
[4.474s][info][gc          ] GC(15) Concurrent Mark Cycle 94.384ms
[4.819s][info][gc,start    ] GC(16) Pause Young (Concurrent Start) (G1 Evacuation Pause)
[4.819s][info][gc,task     ] GC(16) Using 6 workers of 6 for evacuation
[4.827s][info][gc,phases   ] GC(16)   Pre Evacuate Collection Set: 0.1ms
[4.828s][info][gc,phases   ] GC(16)   Merge Heap Roots: 0.1ms
[4.828s][info][gc,phases   ] GC(16)   Evacuate Collection Set: 6.7ms
[4.828s][info][gc,phases   ] GC(16)   Post Evacuate Collection Set: 0.9ms
[4.829s][info][gc,phases   ] GC(16)   Other: 0.8ms
[4.829s][info][gc,heap     ] GC(16) Eden regions: 11->0(8)
[4.829s][info][gc,heap     ] GC(16) Survivor regions: 2->2(2)
[4.830s][info][gc,heap     ] GC(16) Old regions: 17->20
[4.830s][info][gc,heap     ] GC(16) Archive regions: 0->0
[4.830s][info][gc,heap     ] GC(16) Humongous regions: 2->2
[4.831s][info][gc,metaspace] GC(16) Metaspace: 143451K(144832K)->143451K(144832K) NonClass: 125923K(126656K)->125923K(126656K) Class: 17528K(18176K)->17528K(18176K)
[4.831s][info][gc          ] GC(16) Pause Young (Concurrent Start) (G1 Evacuation Pause) 126M->92M(172M) 12.291ms
[4.831s][info][gc,cpu      ] GC(16) User=0.03s Sys=0.00s Real=0.01s
[4.831s][info][gc          ] GC(17) Concurrent Mark Cycle
[4.832s][info][gc,marking  ] GC(17) Concurrent Clear Claimed Marks
[4.832s][info][gc,marking  ] GC(17) Concurrent Clear Claimed Marks 0.301ms
[4.832s][info][gc,marking  ] GC(17) Concurrent Scan Root Regions
[4.837s][info][gc,marking  ] GC(17) Concurrent Scan Root Regions 4.349ms
[4.837s][info][gc,marking  ] GC(17) Concurrent Mark
[4.837s][info][gc,marking  ] GC(17) Concurrent Mark From Roots
[4.837s][info][gc,task     ] GC(17) Using 2 workers of 2 for marking
[4.859s][info][gc,marking  ] GC(17) Concurrent Mark From Roots 21.371ms
[4.859s][info][gc,marking  ] GC(17) Concurrent Preclean
[4.859s][info][gc,marking  ] GC(17) Concurrent Preclean 0.459ms
[4.860s][info][gc,start    ] GC(17) Pause Remark
[4.867s][info][gc          ] GC(17) Pause Remark 94M->94M(172M) 7.021ms
[4.867s][info][gc,cpu      ] GC(17) User=0.03s Sys=0.00s Real=0.00s
[4.877s][info][gc,marking  ] GC(17) Concurrent Mark 40.499ms
[4.878s][info][gc,marking  ] GC(17) Concurrent Rebuild Remembered Sets
[4.894s][info][gc,marking  ] GC(17) Concurrent Rebuild Remembered Sets 16.508ms
[4.895s][info][gc,start    ] GC(17) Pause Cleanup
[4.895s][info][gc          ] GC(17) Pause Cleanup 94M->94M(172M) 0.366ms
[4.896s][info][gc,cpu      ] GC(17) User=0.00s Sys=0.00s Real=0.00s
[4.896s][info][gc,marking  ] GC(17) Concurrent Cleanup for Next Mark
[4.896s][info][gc,marking  ] GC(17) Concurrent Cleanup for Next Mark 0.502ms
[4.897s][info][gc          ] GC(17) Concurrent Mark Cycle 65.339ms
[5.012s][info][gc,start    ] GC(18) Pause Young (Prepare Mixed) (G1 Evacuation Pause)
[5.012s][info][gc,task     ] GC(18) Using 6 workers of 6 for evacuation
[5.017s][info][gc,phases   ] GC(18)   Pre Evacuate Collection Set: 0.1ms
[5.017s][info][gc,phases   ] GC(18)   Merge Heap Roots: 0.1ms
[5.017s][info][gc,phases   ] GC(18)   Evacuate Collection Set: 3.8ms
[5.018s][info][gc,phases   ] GC(18)   Post Evacuate Collection Set: 0.4ms
[5.018s][info][gc,phases   ] GC(18)   Other: 1.0ms
[5.018s][info][gc,heap     ] GC(18) Eden regions: 8->0(1)
[5.018s][info][gc,heap     ] GC(18) Survivor regions: 2->2(2)
[5.019s][info][gc,heap     ] GC(18) Old regions: 20->22
[5.019s][info][gc,heap     ] GC(18) Archive regions: 0->0
[5.019s][info][gc,heap     ] GC(18) Humongous regions: 2->2
[5.019s][info][gc,metaspace] GC(18) Metaspace: 144916K(146368K)->144916K(146368K) NonClass: 127251K(128064K)->127251K(128064K) Class: 17665K(18304K)->17665K(18304K)
[5.019s][info][gc          ] GC(18) Pause Young (Prepare Mixed) (G1 Evacuation Pause) 124M->100M(172M) 7.870ms
[5.020s][info][gc,cpu      ] GC(18) User=0.02s Sys=0.00s Real=0.01s
[5.024s][info][gc,start    ] GC(19) Pause Young (Mixed) (G1 Evacuation Pause)
[5.027s][info][gc,task     ] GC(19) Using 6 workers of 6 for evacuation
[5.032s][info][gc,phases   ] GC(19)   Pre Evacuate Collection Set: 0.1ms
[5.032s][info][gc,phases   ] GC(19)   Merge Heap Roots: 0.1ms
[5.033s][info][gc,phases   ] GC(19)   Evacuate Collection Set: 4.1ms
[5.033s][info][gc,phases   ] GC(19)   Post Evacuate Collection Set: 0.3ms
[5.033s][info][gc,phases   ] GC(19)   Other: 3.3ms
[5.034s][info][gc,heap     ] GC(19) Eden regions: 1->0(6)
[5.034s][info][gc,heap     ] GC(19) Survivor regions: 2->1(1)
[5.034s][info][gc,heap     ] GC(19) Old regions: 22->23
[5.034s][info][gc,heap     ] GC(19) Archive regions: 0->0
[5.035s][info][gc,heap     ] GC(19) Humongous regions: 2->2
[5.035s][info][gc,metaspace] GC(19) Metaspace: 144916K(146368K)->144916K(146368K) NonClass: 127251K(128064K)->127251K(128064K) Class: 17665K(18304K)->17665K(18304K)
[5.035s][info][gc          ] GC(19) Pause Young (Mixed) (G1 Evacuation Pause) 104M->99M(172M) 10.853ms
[5.036s][info][gc,cpu      ] GC(19) User=0.02s Sys=0.00s Real=0.01s
[5.078s][info][gc,start    ] GC(20) Pause Young (Concurrent Start) (G1 Evacuation Pause)
[5.078s][info][gc,task     ] GC(20) Using 6 workers of 6 for evacuation
[5.082s][info][gc,phases   ] GC(20)   Pre Evacuate Collection Set: 0.2ms
[5.083s][info][gc,phases   ] GC(20)   Merge Heap Roots: 0.1ms
[5.083s][info][gc,phases   ] GC(20)   Evacuate Collection Set: 3.4ms
[5.083s][info][gc,phases   ] GC(20)   Post Evacuate Collection Set: 0.4ms
[5.084s][info][gc,phases   ] GC(20)   Other: 0.7ms
[5.084s][info][gc,heap     ] GC(20) Eden regions: 6->0(6)
[5.084s][info][gc,heap     ] GC(20) Survivor regions: 1->1(1)
[5.085s][info][gc,heap     ] GC(20) Old regions: 23->24
[5.085s][info][gc,heap     ] GC(20) Archive regions: 0->0
[5.085s][info][gc,heap     ] GC(20) Humongous regions: 2->2
[5.085s][info][gc,metaspace] GC(20) Metaspace: 146096K(147584K)->146096K(147584K) NonClass: 128295K(129088K)->128295K(129088K) Class: 17800K(18496K)->17800K(18496K)
[5.086s][info][gc          ] GC(20) Pause Young (Concurrent Start) (G1 Evacuation Pause) 123M->106M(172M) 7.992ms
[5.086s][info][gc,cpu      ] GC(20) User=0.01s Sys=0.00s Real=0.01s
[5.086s][info][gc          ] GC(21) Concurrent Mark Cycle
[5.087s][info][gc,marking  ] GC(21) Concurrent Clear Claimed Marks
[5.087s][info][gc,marking  ] GC(21) Concurrent Clear Claimed Marks 0.637ms
[5.088s][info][gc,marking  ] GC(21) Concurrent Scan Root Regions
[5.092s][info][gc,marking  ] GC(21) Concurrent Scan Root Regions 4.561ms
[5.094s][info][gc,marking  ] GC(21) Concurrent Mark
[5.094s][info][gc,marking  ] GC(21) Concurrent Mark From Roots
[5.094s][info][gc,task     ] GC(21) Using 2 workers of 2 for marking
[5.127s][info][gc,start    ] GC(22) Pause Young (Normal) (G1 Evacuation Pause)
[5.127s][info][gc,task     ] GC(22) Using 6 workers of 6 for evacuation
[5.132s][info][gc,phases   ] GC(22)   Pre Evacuate Collection Set: 0.1ms
[5.132s][info][gc,phases   ] GC(22)   Merge Heap Roots: 0.1ms
[5.132s][info][gc,phases   ] GC(22)   Evacuate Collection Set: 3.4ms
[5.132s][info][gc,phases   ] GC(22)   Post Evacuate Collection Set: 0.6ms
[5.133s][info][gc,phases   ] GC(22)   Other: 0.9ms
[5.133s][info][gc,heap     ] GC(22) Eden regions: 6->0(31)
[5.133s][info][gc,heap     ] GC(22) Survivor regions: 1->1(1)
[5.134s][info][gc,heap     ] GC(22) Old regions: 24->26
[5.134s][info][gc,heap     ] GC(22) Archive regions: 0->0
[5.134s][info][gc,heap     ] GC(22) Humongous regions: 2->2
[5.134s][info][gc,metaspace] GC(22) Metaspace: 146291K(147776K)->146291K(147776K) NonClass: 128476K(129280K)->128476K(129280K) Class: 17814K(18496K)->17814K(18496K)
[5.135s][info][gc          ] GC(22) Pause Young (Normal) (G1 Evacuation Pause) 130M->113M(344M) 8.011ms
[5.135s][info][gc,cpu      ] GC(22) User=0.01s Sys=0.00s Real=0.01s
[5.153s][info][gc,marking  ] GC(21) Concurrent Mark From Roots 59.275ms
[5.154s][info][gc,marking  ] GC(21) Concurrent Preclean
[5.154s][info][gc,marking  ] GC(21) Concurrent Preclean 0.537ms
[5.155s][info][gc,start    ] GC(21) Pause Remark
[5.158s][info][gc          ] GC(21) Pause Remark 119M->119M(344M) 3.324ms
[5.159s][info][gc,cpu      ] GC(21) User=0.01s Sys=0.00s Real=0.01s
[5.159s][info][gc,marking  ] GC(21) Concurrent Mark 65.660ms
[5.159s][info][gc,marking  ] GC(21) Concurrent Rebuild Remembered Sets
[5.183s][info][gc,marking  ] GC(21) Concurrent Rebuild Remembered Sets 23.192ms
[5.183s][info][gc,start    ] GC(21) Pause Cleanup
[5.184s][info][gc          ] GC(21) Pause Cleanup 137M->137M(344M) 0.411ms
[5.184s][info][gc,cpu      ] GC(21) User=0.00s Sys=0.00s Real=0.00s
[5.184s][info][gc,marking  ] GC(21) Concurrent Cleanup for Next Mark
[5.185s][info][gc,marking  ] GC(21) Concurrent Cleanup for Next Mark 1.106ms
[5.186s][info][gc          ] GC(21) Concurrent Mark Cycle 99.324ms
[5.549s][info][gc,start    ] GC(23) Pause Young (Prepare Mixed) (G1 Evacuation Pause)
[5.549s][info][gc,task     ] GC(23) Using 6 workers of 6 for evacuation
[5.557s][info][gc,phases   ] GC(23)   Pre Evacuate Collection Set: 0.1ms
[5.557s][info][gc,phases   ] GC(23)   Merge Heap Roots: 0.1ms
[5.557s][info][gc,phases   ] GC(23)   Evacuate Collection Set: 6.4ms
[5.558s][info][gc,phases   ] GC(23)   Post Evacuate Collection Set: 0.9ms
[5.558s][info][gc,phases   ] GC(23)   Other: 0.7ms
[5.558s][info][gc,heap     ] GC(23) Eden regions: 31->0(1)
[5.559s][info][gc,heap     ] GC(23) Survivor regions: 1->4(4)
[5.559s][info][gc,heap     ] GC(23) Old regions: 26->26
[5.559s][info][gc,heap     ] GC(23) Archive regions: 0->0
[5.559s][info][gc,heap     ] GC(23) Humongous regions: 2->2
[5.560s][info][gc,metaspace] GC(23) Metaspace: 153106K(154624K)->153106K(154624K) NonClass: 134259K(135104K)->134259K(135104K) Class: 18846K(19520K)->18846K(19520K)
[5.560s][info][gc          ] GC(23) Pause Young (Prepare Mixed) (G1 Evacuation Pause) 237M->125M(344M) 11.567ms
[5.560s][info][gc,cpu      ] GC(23) User=0.02s Sys=0.01s Real=0.01s
[5.566s][info][gc,start    ] GC(24) Pause Young (Mixed) (G1 Evacuation Pause)
[5.567s][info][gc,task     ] GC(24) Using 6 workers of 6 for evacuation
[5.574s][info][gc,phases   ] GC(24)   Pre Evacuate Collection Set: 0.1ms
[5.575s][info][gc,phases   ] GC(24)   Merge Heap Roots: 0.1ms
[5.575s][info][gc,phases   ] GC(24)   Evacuate Collection Set: 6.6ms
[5.575s][info][gc,phases   ] GC(24)   Post Evacuate Collection Set: 0.4ms
[5.576s][info][gc,phases   ] GC(24)   Other: 0.8ms
[5.576s][info][gc,heap     ] GC(24) Eden regions: 1->0(28)
[5.576s][info][gc,heap     ] GC(24) Survivor regions: 4->1(1)
[5.576s][info][gc,heap     ] GC(24) Old regions: 26->29
[5.577s][info][gc,heap     ] GC(24) Archive regions: 0->0
[5.577s][info][gc,heap     ] GC(24) Humongous regions: 2->2
[5.577s][info][gc,metaspace] GC(24) Metaspace: 153133K(154624K)->153133K(154624K) NonClass: 134286K(135104K)->134286K(135104K) Class: 18846K(19520K)->18846K(19520K)
[5.577s][info][gc          ] GC(24) Pause Young (Mixed) (G1 Evacuation Pause) 129M->125M(344M) 10.915ms
[5.578s][info][gc,cpu      ] GC(24) User=0.03s Sys=0.00s Real=0.01s
[5.780s][info][gc,start    ] GC(25) Pause Young (Normal) (G1 Evacuation Pause)
[5.781s][info][gc,task     ] GC(25) Using 6 workers of 6 for evacuation
[5.784s][info][gc,phases   ] GC(25)   Pre Evacuate Collection Set: 0.1ms
[5.785s][info][gc,phases   ] GC(25)   Merge Heap Roots: 0.1ms
[5.785s][info][gc,phases   ] GC(25)   Evacuate Collection Set: 2.7ms
[5.785s][info][gc,phases   ] GC(25)   Post Evacuate Collection Set: 0.6ms
[5.786s][info][gc,phases   ] GC(25)   Other: 0.8ms
[5.786s][info][gc,heap     ] GC(25) Eden regions: 28->0(30)
[5.786s][info][gc,heap     ] GC(25) Survivor regions: 1->2(4)
[5.787s][info][gc,heap     ] GC(25) Old regions: 29->29
[5.787s][info][gc,heap     ] GC(25) Archive regions: 0->0
[5.787s][info][gc,heap     ] GC(25) Humongous regions: 2->2
[5.788s][info][gc,metaspace] GC(25) Metaspace: 155556K(157056K)->155556K(157056K) NonClass: 136439K(137280K)->136439K(137280K) Class: 19116K(19776K)->19116K(19776K)
[5.788s][info][gc          ] GC(25) Pause Young (Normal) (G1 Evacuation Pause) 237M->128M(344M) 7.667ms
[5.788s][info][gc,cpu      ] GC(25) User=0.01s Sys=0.00s Real=0.00s
[6.199s][info][gc,start    ] GC(26) Pause Young (Normal) (G1 Evacuation Pause)
[6.200s][info][gc,task     ] GC(26) Using 6 workers of 6 for evacuation
[6.206s][info][gc,phases   ] GC(26)   Pre Evacuate Collection Set: 0.1ms
[6.206s][info][gc,phases   ] GC(26)   Merge Heap Roots: 0.1ms
[6.206s][info][gc,phases   ] GC(26)   Evacuate Collection Set: 4.2ms
[6.206s][info][gc,phases   ] GC(26)   Post Evacuate Collection Set: 0.7ms
[6.207s][info][gc,phases   ] GC(26)   Other: 1.3ms
[6.207s][info][gc,heap     ] GC(26) Eden regions: 30->0(30)
[6.207s][info][gc,heap     ] GC(26) Survivor regions: 2->4(4)
[6.208s][info][gc,heap     ] GC(26) Old regions: 29->29
[6.208s][info][gc,heap     ] GC(26) Archive regions: 0->0
[6.208s][info][gc,heap     ] GC(26) Humongous regions: 2->2
[6.208s][info][gc,metaspace] GC(26) Metaspace: 167840K(169344K)->167840K(169344K) NonClass: 146989K(147840K)->146989K(147840K) Class: 20850K(21504K)->20850K(21504K)
[6.209s][info][gc          ] GC(26) Pause Young (Normal) (G1 Evacuation Pause) 248M->139M(344M) 9.642ms
[6.209s][info][gc,cpu      ] GC(26) User=0.02s Sys=0.01s Real=0.01s
[6.541s][info][gc,start    ] GC(27) Pause Young (Normal) (GCLocker Initiated GC)
[6.541s][info][gc,task     ] GC(27) Using 6 workers of 6 for evacuation
[6.554s][info][gc,phases   ] GC(27)   Pre Evacuate Collection Set: 0.1ms
[6.554s][info][gc,phases   ] GC(27)   Merge Heap Roots: 0.1ms
[6.555s][info][gc,phases   ] GC(27)   Evacuate Collection Set: 10.2ms
[6.555s][info][gc,phases   ] GC(27)   Post Evacuate Collection Set: 1.3ms
[6.555s][info][gc,phases   ] GC(27)   Other: 1.0ms
[6.556s][info][gc,heap     ] GC(27) Eden regions: 31->0(72)
[6.556s][info][gc,heap     ] GC(27) Survivor regions: 4->5(5)
[6.556s][info][gc,heap     ] GC(27) Old regions: 29->33
[6.557s][info][gc,heap     ] GC(27) Archive regions: 0->0
[6.557s][info][gc,heap     ] GC(27) Humongous regions: 2->2
[6.557s][info][gc,metaspace] GC(27) Metaspace: 171079K(172608K)->171079K(172608K) NonClass: 149839K(150720K)->149839K(150720K) Class: 21240K(21888K)->21240K(21888K)
[6.557s][info][gc          ] GC(27) Pause Young (Normal) (GCLocker Initiated GC) 261M->155M(688M) 16.486ms
[6.558s][info][gc,cpu      ] GC(27) User=0.03s Sys=0.00s Real=0.01s
[7.187s][info][gc,start    ] GC(28) Pause Young (Normal) (G1 Evacuation Pause)
[7.188s][info][gc,task     ] GC(28) Using 6 workers of 6 for evacuation
[7.209s][info][gc,phases   ] GC(28)   Pre Evacuate Collection Set: 0.1ms
[7.209s][info][gc,phases   ] GC(28)   Merge Heap Roots: 0.1ms
[7.210s][info][gc,phases   ] GC(28)   Evacuate Collection Set: 17.0ms
[7.210s][info][gc,phases   ] GC(28)   Post Evacuate Collection Set: 3.4ms
[7.210s][info][gc,phases   ] GC(28)   Other: 1.2ms
[7.210s][info][gc,heap     ] GC(28) Eden regions: 72->0(63)
[7.211s][info][gc,heap     ] GC(28) Survivor regions: 5->10(10)
[7.211s][info][gc,heap     ] GC(28) Old regions: 33->37
[7.211s][info][gc,heap     ] GC(28) Archive regions: 0->0
[7.212s][info][gc,heap     ] GC(28) Humongous regions: 4->4
[7.212s][info][gc,metaspace] GC(28) Metaspace: 173417K(174976K)->173417K(174976K) NonClass: 151938K(152832K)->151938K(152832K) Class: 21479K(22144K)->21479K(22144K)
[7.212s][info][gc          ] GC(28) Pause Young (Normal) (G1 Evacuation Pause) 451M->201M(688M) 25.380ms
[7.213s][info][gc,cpu      ] GC(28) User=0.07s Sys=0.02s Real=0.03s
[7.890s][info][gc,start    ] GC(29) Pause Young (Normal) (G1 Evacuation Pause)
[7.891s][info][gc,task     ] GC(29) Using 6 workers of 6 for evacuation
[7.916s][info][gc,phases   ] GC(29)   Pre Evacuate Collection Set: 0.1ms
[7.920s][info][gc,phases   ] GC(29)   Merge Heap Roots: 0.3ms
[7.920s][info][gc,phases   ] GC(29)   Evacuate Collection Set: 22.6ms
[7.920s][info][gc,phases   ] GC(29)   Post Evacuate Collection Set: 1.9ms
[7.921s][info][gc,phases   ] GC(29)   Other: 1.1ms
[7.921s][info][gc,heap     ] GC(29) Eden regions: 63->0(63)
[7.921s][info][gc,heap     ] GC(29) Survivor regions: 10->8(10)
[7.922s][info][gc,heap     ] GC(29) Old regions: 37->45
[7.922s][info][gc,heap     ] GC(29) Archive regions: 0->0
[7.922s][info][gc,heap     ] GC(29) Humongous regions: 6->4
[7.922s][info][gc,metaspace] GC(29) Metaspace: 202423K(204288K)->202423K(204288K) NonClass: 176904K(177984K)->176904K(177984K) Class: 25518K(26304K)->25518K(26304K)
[7.923s][info][gc          ] GC(29) Pause Young (Normal) (G1 Evacuation Pause) 461M->223M(688M) 32.388ms
[7.923s][info][gc,cpu      ] GC(29) User=0.06s Sys=0.01s Real=0.03s
[13.137s][info][gc,start    ] GC(30) Pause Young (Normal) (G1 Evacuation Pause)
[13.137s][info][gc,task     ] GC(30) Using 6 workers of 6 for evacuation
[13.148s][info][gc,phases   ] GC(30)   Pre Evacuate Collection Set: 0.1ms
[13.148s][info][gc,phases   ] GC(30)   Merge Heap Roots: 0.1ms
[13.149s][info][gc,phases   ] GC(30)   Evacuate Collection Set: 9.2ms
[13.149s][info][gc,phases   ] GC(30)   Post Evacuate Collection Set: 1.2ms
[13.149s][info][gc,phases   ] GC(30)   Other: 0.7ms
[13.149s][info][gc,heap     ] GC(30) Eden regions: 63->0(64)
[13.150s][info][gc,heap     ] GC(30) Survivor regions: 8->8(9)
[13.150s][info][gc,heap     ] GC(30) Old regions: 45->49
[13.150s][info][gc,heap     ] GC(30) Archive regions: 0->0
[13.150s][info][gc,heap     ] GC(30) Humongous regions: 4->4
[13.151s][info][gc,metaspace] GC(30) Metaspace: 227906K(229952K)->227906K(229952K) NonClass: 198590K(199744K)->198590K(199744K) Class: 29315K(30208K)->29315K(30208K)
[13.151s][info][gc          ] GC(30) Pause Young (Normal) (G1 Evacuation Pause) 475M->242M(688M) 14.522ms
[13.151s][info][gc,cpu      ] GC(30) User=0.06s Sys=0.01s Real=0.02s
[15.127s][info][gc,start    ] GC(31) Pause Young (Concurrent Start) (Metadata GC Threshold)
[15.128s][info][gc,task     ] GC(31) Using 6 workers of 6 for evacuation
[15.144s][info][gc,phases   ] GC(31)   Pre Evacuate Collection Set: 0.3ms
[15.144s][info][gc,phases   ] GC(31)   Merge Heap Roots: 0.1ms
[15.145s][info][gc,phases   ] GC(31)   Evacuate Collection Set: 13.8ms
[15.145s][info][gc,phases   ] GC(31)   Post Evacuate Collection Set: 1.1ms
[15.145s][info][gc,phases   ] GC(31)   Other: 1.1ms
[15.146s][info][gc,heap     ] GC(31) Eden regions: 48->0(56)
[15.146s][info][gc,heap     ] GC(31) Survivor regions: 8->9(9)
[15.146s][info][gc,heap     ] GC(31) Old regions: 49->56
[15.147s][info][gc,heap     ] GC(31) Archive regions: 0->0
[15.147s][info][gc,heap     ] GC(31) Humongous regions: 4->4
[15.147s][info][gc,metaspace] GC(31) Metaspace: 244272K(246528K)->244272K(246528K) NonClass: 212617K(213888K)->212617K(213888K) Class: 31655K(32640K)->31655K(32640K)
[15.148s][info][gc          ] GC(31) Pause Young (Concurrent Start) (Metadata GC Threshold) 434M->274M(688M) 20.442ms
[15.148s][info][gc,cpu      ] GC(31) User=0.06s Sys=0.01s Real=0.02s
[15.148s][info][gc          ] GC(32) Concurrent Mark Cycle
[15.150s][info][gc,marking  ] GC(32) Concurrent Clear Claimed Marks
[15.151s][info][gc,marking  ] GC(32) Concurrent Clear Claimed Marks 0.661ms
[15.151s][info][gc,marking  ] GC(32) Concurrent Scan Root Regions
[15.164s][info][gc,marking  ] GC(32) Concurrent Scan Root Regions 12.692ms
[15.165s][info][gc,marking  ] GC(32) Concurrent Mark
[15.165s][info][gc,marking  ] GC(32) Concurrent Mark From Roots
[15.166s][info][gc,task     ] GC(32) Using 2 workers of 2 for marking
[15.226s][info][gc,marking  ] GC(32) Concurrent Mark From Roots 61.290ms
[15.227s][info][gc,marking  ] GC(32) Concurrent Preclean
[15.228s][info][gc,marking  ] GC(32) Concurrent Preclean 0.799ms
[15.229s][info][gc,start    ] GC(32) Pause Remark
[15.243s][info][gc          ] GC(32) Pause Remark 312M->292M(688M) 13.441ms
[15.243s][info][gc,cpu      ] GC(32) User=0.05s Sys=0.00s Real=0.01s
[15.246s][info][gc,marking  ] GC(32) Concurrent Mark 81.475ms
[15.247s][info][gc,marking  ] GC(32) Concurrent Rebuild Remembered Sets
[15.286s][info][gc,marking  ] GC(32) Concurrent Rebuild Remembered Sets 39.536ms
[15.295s][info][gc,start    ] GC(32) Pause Cleanup
[15.295s][info][gc          ] GC(32) Pause Cleanup 318M->318M(688M) 0.594ms
[15.296s][info][gc,cpu      ] GC(32) User=0.00s Sys=0.00s Real=0.00s
[15.296s][info][gc,marking  ] GC(32) Concurrent Cleanup for Next Mark
[15.307s][info][gc,marking  ] GC(32) Concurrent Cleanup for Next Mark 10.620ms
[15.308s][info][gc          ] GC(32) Concurrent Mark Cycle 159.217ms
[15.784s][info][gc,start    ] GC(33) Pause Young (Prepare Mixed) (G1 Evacuation Pause)
[15.784s][info][gc,task     ] GC(33) Using 6 workers of 6 for evacuation
[15.807s][info][gc,phases   ] GC(33)   Pre Evacuate Collection Set: 0.1ms
[15.808s][info][gc,phases   ] GC(33)   Merge Heap Roots: 0.1ms
[15.808s][info][gc,phases   ] GC(33)   Evacuate Collection Set: 19.7ms
[15.809s][info][gc,phases   ] GC(33)   Post Evacuate Collection Set: 2.9ms
[15.809s][info][gc,phases   ] GC(33)   Other: 1.2ms
[15.809s][info][gc,heap     ] GC(33) Eden regions: 56->0(1)
[15.810s][info][gc,heap     ] GC(33) Survivor regions: 9->9(9)
[15.810s][info][gc,heap     ] GC(33) Old regions: 53->63
[15.810s][info][gc,heap     ] GC(33) Archive regions: 0->0
[15.811s][info][gc,heap     ] GC(33) Humongous regions: 5->3
[15.811s][info][gc,metaspace] GC(33) Metaspace: 252967K(255232K)->252967K(255232K) NonClass: 220192K(221440K)->220192K(221440K) Class: 32775K(33792K)->32775K(33792K)
[15.811s][info][gc          ] GC(33) Pause Young (Prepare Mixed) (G1 Evacuation Pause) 490M->297M(688M) 27.686ms
[15.812s][info][gc,cpu      ] GC(33) User=0.09s Sys=0.00s Real=0.03s
[15.837s][info][gc,start    ] GC(34) Pause Young (Mixed) (G1 Evacuation Pause)
[15.838s][info][gc,task     ] GC(34) Using 6 workers of 6 for evacuation
[15.858s][info][gc,phases   ] GC(34)   Pre Evacuate Collection Set: 0.1ms
[15.858s][info][gc,phases   ] GC(34)   Merge Heap Roots: 0.1ms
[15.859s][info][gc,phases   ] GC(34)   Evacuate Collection Set: 17.8ms
[15.859s][info][gc,phases   ] GC(34)   Post Evacuate Collection Set: 1.3ms
[15.859s][info][gc,phases   ] GC(34)   Other: 1.0ms
[15.860s][info][gc,heap     ] GC(34) Eden regions: 1->0(83)
[15.860s][info][gc,heap     ] GC(34) Survivor regions: 9->2(2)
[15.860s][info][gc,heap     ] GC(34) Old regions: 63->63
[15.861s][info][gc,heap     ] GC(34) Archive regions: 0->0
[15.861s][info][gc,heap     ] GC(34) Humongous regions: 3->3
[15.862s][info][gc,metaspace] GC(34) Metaspace: 252969K(255232K)->252969K(255232K) NonClass: 220194K(221440K)->220194K(221440K) Class: 32775K(33792K)->32775K(33792K)
[15.862s][info][gc          ] GC(34) Pause Young (Mixed) (G1 Evacuation Pause) 301M->267M(840M) 24.898ms
[15.863s][info][gc,cpu      ] GC(34) User=0.06s Sys=0.00s Real=0.03s
[16.612s][info][gc,start    ] GC(35) Pause Young (Concurrent Start) (G1 Evacuation Pause)
[16.613s][info][gc,task     ] GC(35) Using 6 workers of 6 for evacuation
[16.625s][info][gc,phases   ] GC(35)   Pre Evacuate Collection Set: 0.4ms
[16.626s][info][gc,phases   ] GC(35)   Merge Heap Roots: 0.1ms
[16.626s][info][gc,phases   ] GC(35)   Evacuate Collection Set: 10.6ms
[16.626s][info][gc,phases   ] GC(35)   Post Evacuate Collection Set: 0.8ms
[16.627s][info][gc,phases   ] GC(35)   Other: 1.1ms
[16.627s][info][gc,heap     ] GC(35) Eden regions: 83->0(83)
[16.627s][info][gc,heap     ] GC(35) Survivor regions: 2->3(11)
[16.628s][info][gc,heap     ] GC(35) Old regions: 63->63
[16.628s][info][gc,heap     ] GC(35) Archive regions: 0->0
[16.628s][info][gc,heap     ] GC(35) Humongous regions: 3->3
[16.629s][info][gc,metaspace] GC(35) Metaspace: 254370K(256640K)->254370K(256640K) NonClass: 221512K(222784K)->221512K(222784K) Class: 32858K(33856K)->32858K(33856K)
[16.629s][info][gc          ] GC(35) Pause Young (Concurrent Start) (G1 Evacuation Pause) 599M->271M(840M) 16.377ms
[16.629s][info][gc,cpu      ] GC(35) User=0.03s Sys=0.00s Real=0.02s
[16.629s][info][gc          ] GC(36) Concurrent Mark Cycle
[16.630s][info][gc,marking  ] GC(36) Concurrent Clear Claimed Marks
[16.630s][info][gc,marking  ] GC(36) Concurrent Clear Claimed Marks 0.468ms
[16.630s][info][gc,marking  ] GC(36) Concurrent Scan Root Regions
[16.634s][info][gc,marking  ] GC(36) Concurrent Scan Root Regions 3.980ms
[16.635s][info][gc,marking  ] GC(36) Concurrent Mark
[16.635s][info][gc,marking  ] GC(36) Concurrent Mark From Roots
[16.636s][info][gc,task     ] GC(36) Using 2 workers of 2 for marking
[16.713s][info][gc,marking  ] GC(36) Concurrent Mark From Roots 77.701ms
[16.714s][info][gc,marking  ] GC(36) Concurrent Preclean
[16.715s][info][gc,marking  ] GC(36) Concurrent Preclean 1.553ms
[16.716s][info][gc,start    ] GC(36) Pause Remark
[16.732s][info][gc          ] GC(36) Pause Remark 482M->482M(840M) 15.890ms
[16.732s][info][gc,cpu      ] GC(36) User=0.07s Sys=0.00s Real=0.02s
[16.732s][info][gc,marking  ] GC(36) Concurrent Mark 97.704ms
[16.733s][info][gc,marking  ] GC(36) Concurrent Rebuild Remembered Sets
[16.792s][info][gc,marking  ] GC(36) Concurrent Rebuild Remembered Sets 58.835ms
[16.792s][info][gc,start    ] GC(36) Pause Cleanup
[16.792s][info][gc          ] GC(36) Pause Cleanup 527M->527M(840M) 0.444ms
[16.793s][info][gc,cpu      ] GC(36) User=0.00s Sys=0.00s Real=0.00s
[16.793s][info][gc,marking  ] GC(36) Concurrent Cleanup for Next Mark
[16.795s][info][gc,marking  ] GC(36) Concurrent Cleanup for Next Mark 2.234ms
[16.796s][info][gc          ] GC(36) Concurrent Mark Cycle 166.105ms
[18.584s][info][gc,heap,exit] Heap
[18.585s][info][gc,heap,exit]  garbage-first heap   total 860160K, used 632213K [0x00000006a8800000, 0x0000000800000000)
[18.585s][info][gc,heap,exit]   region size 4096K, 81 young (331776K), 3 survivors (12288K)
[18.585s][info][gc,heap,exit]  Metaspace       used 268484K, committed 270848K, reserved 1310720K
[18.586s][info][gc,heap,exit]   class space    used 34408K, committed 35456K, reserved 1048576K
